#! /c/Source/iverilog-install/bin/vvp
:ivl_version "14.0 (devel)";
:ivl_delay_selection "TYPICAL";
:vpi_time_precision - 12;
:vpi_module "C:\iverilog\lib\ivl\system.vpi";
:vpi_module "C:\iverilog\lib\ivl\vhdl_sys.vpi";
:vpi_module "C:\iverilog\lib\ivl\vhdl_textio.vpi";
:vpi_module "C:\iverilog\lib\ivl\v2005_math.vpi";
:vpi_module "C:\iverilog\lib\ivl\va_math.vpi";
S_000001CD4C833DA0 .scope module, "tb" "tb" 2 3;
 .timescale -9 -12;
P_000001CD4C816A10 .param/l "WIDTH" 0 2 5, +C4<00000000000000000000000000001000>;
v000001CD4C87D170_0 .var "clk", 0 0;
v000001CD4C87D350_0 .net "count", 7 0, v000001CD4C87CF90_0;  1 drivers
v000001CD4C87CD10_0 .var "en", 0 0;
v000001CD4C87CDB0_0 .var "mod_val", 7 0;
v000001CD4C87CB30_0 .var "rst", 0 0;
v000001CD4C87CC70_0 .net "tc", 0 0, v000001CD4C87CEF0_0;  1 drivers
S_000001CD4C817250 .scope module, "dut" "modulo_n_counter" 2 18, 3 3 0, S_000001CD4C833DA0;
 .timescale -9 -12;
    .port_info 0 /INPUT 1 "clk";
    .port_info 1 /INPUT 1 "rst";
    .port_info 2 /INPUT 1 "en";
    .port_info 3 /INPUT 8 "mod_val";
    .port_info 4 /OUTPUT 8 "count";
    .port_info 5 /OUTPUT 1 "tc";
P_000001CD4C816A90 .param/l "WIDTH" 0 3 4, +C4<00000000000000000000000000001000>;
v000001CD4C8173E0_0 .net "clk", 0 0, v000001CD4C87D170_0;  1 drivers
v000001CD4C87CF90_0 .var "count", 7 0;
v000001CD4C87C8B0_0 .net "en", 0 0, v000001CD4C87CD10_0;  1 drivers
v000001CD4C87D0D0_0 .net "mod_val", 7 0, v000001CD4C87CDB0_0;  1 drivers
v000001CD4C87C950_0 .net "rst", 0 0, v000001CD4C87CB30_0;  1 drivers
v000001CD4C87CEF0_0 .var "tc", 0 0;
E_000001CD4C8171D0 .event posedge, v000001CD4C8173E0_0;
    .scope S_000001CD4C817250;
T_0 ;
    %wait E_000001CD4C8171D0;
    %load/vec4 v000001CD4C87C950_0;
    %flag_set/vec4 8;
    %jmp/0xz  T_0.0, 8;
    %pushi/vec4 0, 0, 8;
    %assign/vec4 v000001CD4C87CF90_0, 0;
    %pushi/vec4 0, 0, 1;
    %assign/vec4 v000001CD4C87CEF0_0, 0;
    %jmp T_0.1;
T_0.0 ;
    %pushi/vec4 0, 0, 1;
    %assign/vec4 v000001CD4C87CEF0_0, 0;
    %load/vec4 v000001CD4C87D0D0_0;
    %pad/u 32;
    %cmpi/e 0, 0, 32;
    %jmp/0xz  T_0.2, 4;
    %pushi/vec4 0, 0, 8;
    %assign/vec4 v000001CD4C87CF90_0, 0;
    %jmp T_0.3;
T_0.2 ;
    %load/vec4 v000001CD4C87C8B0_0;
    %flag_set/vec4 8;
    %jmp/0xz  T_0.4, 8;
    %load/vec4 v000001CD4C87CF90_0;
    %pad/u 32;
    %load/vec4 v000001CD4C87D0D0_0;
    %pad/u 32;
    %subi 1, 0, 32;
    %cmp/e;
    %jmp/0xz  T_0.6, 4;
    %pushi/vec4 0, 0, 8;
    %assign/vec4 v000001CD4C87CF90_0, 0;
    %pushi/vec4 1, 0, 1;
    %assign/vec4 v000001CD4C87CEF0_0, 0;
    %jmp T_0.7;
T_0.6 ;
    %load/vec4 v000001CD4C87CF90_0;
    %addi 1, 0, 8;
    %assign/vec4 v000001CD4C87CF90_0, 0;
T_0.7 ;
T_0.4 ;
T_0.3 ;
T_0.1 ;
    %jmp T_0;
    .thread T_0;
    .scope S_000001CD4C833DA0;
T_1 ;
    %delay 5000, 0;
    %load/vec4 v000001CD4C87D170_0;
    %inv;
    %store/vec4 v000001CD4C87D170_0, 0, 1;
    %jmp T_1;
    .thread T_1;
    .scope S_000001CD4C833DA0;
T_2 ;
    %vpi_call 2 32 "$dumpfile", "modulo_n_counter.vcd" {0 0 0};
    %vpi_call 2 33 "$dumpvars", 32'sb00000000000000000000000000000000, S_000001CD4C833DA0 {0 0 0};
    %end;
    .thread T_2;
    .scope S_000001CD4C833DA0;
T_3 ;
    %vpi_call 2 38 "$monitor", "Time=%0t | rst=%b en=%b mod_val=%0d count=%0d tc=%b", $time, v000001CD4C87CB30_0, v000001CD4C87CD10_0, v000001CD4C87CDB0_0, v000001CD4C87D350_0, v000001CD4C87CC70_0 {0 0 0};
    %end;
    .thread T_3;
    .scope S_000001CD4C833DA0;
T_4 ;
    %pushi/vec4 0, 0, 1;
    %store/vec4 v000001CD4C87D170_0, 0, 1;
    %pushi/vec4 1, 0, 1;
    %store/vec4 v000001CD4C87CB30_0, 0, 1;
    %pushi/vec4 0, 0, 1;
    %store/vec4 v000001CD4C87CD10_0, 0, 1;
    %pushi/vec4 5, 0, 8;
    %store/vec4 v000001CD4C87CDB0_0, 0, 8;
    %delay 12000, 0;
    %pushi/vec4 0, 0, 1;
    %store/vec4 v000001CD4C87CB30_0, 0, 1;
    %vpi_call 2 57 "$display", "\012--- TEST 1: MODULO 5 ---" {0 0 0};
    %pushi/vec4 1, 0, 1;
    %store/vec4 v000001CD4C87CD10_0, 0, 1;
    %delay 60000, 0;
    %vpi_call 2 66 "$display", "\012--- TEST 2: ENABLE = 0 ---" {0 0 0};
    %pushi/vec4 0, 0, 1;
    %store/vec4 v000001CD4C87CD10_0, 0, 1;
    %delay 30000, 0;
    %vpi_call 2 75 "$display", "\012--- TEST 3: ENABLE = 1 ---" {0 0 0};
    %pushi/vec4 1, 0, 1;
    %store/vec4 v000001CD4C87CD10_0, 0, 1;
    %delay 30000, 0;
    %vpi_call 2 84 "$display", "\012--- TEST 4: MODULO 1 ---" {0 0 0};
    %pushi/vec4 1, 0, 8;
    %store/vec4 v000001CD4C87CDB0_0, 0, 8;
    %delay 40000, 0;
    %vpi_call 2 93 "$display", "\012--- TEST 5: MODULO 0 ---" {0 0 0};
    %pushi/vec4 0, 0, 8;
    %store/vec4 v000001CD4C87CDB0_0, 0, 8;
    %delay 30000, 0;
    %vpi_call 2 102 "$display", "\012--- TEST 6: MODULO 4 ---" {0 0 0};
    %pushi/vec4 4, 0, 8;
    %store/vec4 v000001CD4C87CDB0_0, 0, 8;
    %delay 50000, 0;
    %vpi_call 2 109 "$display", "\012--- SIMULATION COMPLETE ---" {0 0 0};
    %vpi_call 2 111 "$finish" {0 0 0};
    %end;
    .thread T_4;
# The file index is used to find the file name in the following table.
:file_names 4;
    "N/A";
    "<interactive>";
    "tb.v";
    "modulo_n_counter.v";
